// Jest Snapshot v1, https://goo.gl/fbAQLP

exports[`Components Popup should render VotePopup component 1`] = `ShallowWrapper {}`;
