// Jest Snapshot v1, https://goo.gl/fbAQLP

exports[`Components VotePopup should render VotePopup component 1`] = `ShallowWrapper {}`;
