// Jest Snapshot v1, https://goo.gl/fbAQLP

exports[`Components Voters should render Vote component 1`] = `
<div
  className="animation animation--loader"
>
  <div
    style={
      Object {
        "height": 120,
        "width": 120,
      }
    }
  />
</div>
`;
